
> backend@1.0.0 build
> tsc

error TS6059: File 'E:/Real-Estate-website/backend/drizzle.config.ts' is not under 'rootDir' 'E:/Real-Estate-website/backend/src'. 'rootDir' is expected to contain all source files.
  The file is in the program because:
    Matched by default include pattern '**/*'
  File is ECMAScript module because 'E:/Real-Estate-website/backend/package.json' has field "type" with value "module"
